../stm32-it-sdk/Src/drivers/lorawan/timeServer.c:94:13:removeFromList	24	static
../stm32-it-sdk/Src/drivers/lorawan/timeServer.c:112:13:TimerExists	24	static
../stm32-it-sdk/Src/drivers/lorawan/timeServer.c:129:13:TimerInsertTimer	16	static
../stm32-it-sdk/Src/drivers/lorawan/timeServer.c:140:13:TimerCallback	24	static
../stm32-it-sdk/Src/drivers/lorawan/timeServer.c:157:6:TimerInit	16	static
../stm32-it-sdk/Src/drivers/lorawan/timeServer.c:177:6:TimerSetContext	16	static
../stm32-it-sdk/Src/drivers/lorawan/timeServer.c:188:6:TimerSetValue	24	static
../stm32-it-sdk/Src/drivers/lorawan/timeServer.c:215:6:TimerStart	32	static
../stm32-it-sdk/Src/drivers/lorawan/timeServer.c:254:6:TimerStop	16	static
../stm32-it-sdk/Src/drivers/lorawan/timeServer.c:277:6:TimerReset	16	static
../stm32-it-sdk/Src/drivers/lorawan/timeServer.c:283:6:TimerIsStarted	16	static
../stm32-it-sdk/Src/drivers/lorawan/timeServer.c:291:13:TimerGetCurrentTime	8	static
../stm32-it-sdk/Src/drivers/lorawan/timeServer.c:296:13:TimerGetElapsedTime	16	static
../stm32-it-sdk/Src/drivers/lorawan/timeServer.c:303:13:TimerTempCompensation	16	static
