../stm32-it-sdk/Src/drivers/lorawan/mac/LoRaMacCommands.c:92:6:isSlotFree	24	static
../stm32-it-sdk/Src/drivers/lorawan/mac/LoRaMacCommands.c:111:15:mallocNewMacCommandSlot	16	static
../stm32-it-sdk/Src/drivers/lorawan/mac/LoRaMacCommands.c:135:6:freeMacCommandSlot	16	static
../stm32-it-sdk/Src/drivers/lorawan/mac/LoRaMacCommands.c:156:13:linkedListInit	16	static
../stm32-it-sdk/Src/drivers/lorawan/mac/LoRaMacCommands.c:176:13:linkedListAdd	16	static
../stm32-it-sdk/Src/drivers/lorawan/mac/LoRaMacCommands.c:211:22:linkedListGetPrevious	24	static
../stm32-it-sdk/Src/drivers/lorawan/mac/LoRaMacCommands.c:250:13:linkedListRemove	24	static
../stm32-it-sdk/Src/drivers/lorawan/mac/LoRaMacCommands.c:286:13:IsSticky	16	static
../stm32-it-sdk/Src/drivers/lorawan/mac/LoRaMacCommands.c:302:13:NvmCtxCallback	8	static
../stm32-it-sdk/Src/drivers/lorawan/mac/LoRaMacCommands.c:310:24:LoRaMacCommandsInit	16	static
../stm32-it-sdk/Src/drivers/lorawan/mac/LoRaMacCommands.c:324:24:LoRaMacCommandsRestoreNvmCtx	16	static
../stm32-it-sdk/Src/drivers/lorawan/mac/LoRaMacCommands.c:338:7:LoRaMacCommandsGetNvmCtx	16	static
../stm32-it-sdk/Src/drivers/lorawan/mac/LoRaMacCommands.c:344:24:LoRaMacCommandsAddCmd	40	static
../stm32-it-sdk/Src/drivers/lorawan/mac/LoRaMacCommands.c:379:24:LoRaMacCommandsRemoveCmd	16	static
../stm32-it-sdk/Src/drivers/lorawan/mac/LoRaMacCommands.c:405:24:LoRaMacCommandsGetCmd	24	static
../stm32-it-sdk/Src/drivers/lorawan/mac/LoRaMacCommands.c:429:24:LoRaMacCommandsRemoveNoneStickyCmds	16	static
../stm32-it-sdk/Src/drivers/lorawan/mac/LoRaMacCommands.c:457:24:LoRaMacCommandsRemoveStickyAnsCmds	24	static
../stm32-it-sdk/Src/drivers/lorawan/mac/LoRaMacCommands.c:488:24:LoRaMacCommandsGetSizeSerializedCmds	16	static
../stm32-it-sdk/Src/drivers/lorawan/mac/LoRaMacCommands.c:499:24:LoRaMacCommandsSerializeCmds	40	static
../stm32-it-sdk/Src/drivers/lorawan/mac/LoRaMacCommands.c:529:24:LoRaMacCommandsStickyCmdsPending	24	static
