../stm32-it-sdk/Src/drivers/lorawan/mac/LoRaMacFCntHandler.c:99:13:NvmCtxChanged	8	static
../stm32-it-sdk/Src/drivers/lorawan/mac/LoRaMacFCntHandler.c:108:28:LoRaMacFCntHandlerInit	16	static
../stm32-it-sdk/Src/drivers/lorawan/mac/LoRaMacFCntHandler.c:119:28:LoRaMacFCntHandlerRestoreNvmCtx	16	static
../stm32-it-sdk/Src/drivers/lorawan/mac/LoRaMacFCntHandler.c:133:7:LoRaMacFCntHandlerGetNvmCtx	16	static
../stm32-it-sdk/Src/drivers/lorawan/mac/LoRaMacFCntHandler.c:139:28:LoRaMacGetFCntDown	32	static
../stm32-it-sdk/Src/drivers/lorawan/mac/LoRaMacFCntHandler.c:232:28:LoRaMacSetFCntDown	16	static
../stm32-it-sdk/Src/drivers/lorawan/mac/LoRaMacFCntHandler.c:268:28:LoRaMacGetFCntUp	16	static
../stm32-it-sdk/Src/drivers/lorawan/mac/LoRaMacFCntHandler.c:280:28:LoRaMacSetFCntUp	16	static
../stm32-it-sdk/Src/drivers/lorawan/mac/LoRaMacFCntHandler.c:289:28:LoRaMacResetFCnts	8	static
../stm32-it-sdk/Src/drivers/lorawan/mac/LoRaMacFCntHandler.c:307:28:LoRaMacFCntHandlerSetMulticastReference	16	static
