../stm32-it-sdk/Src/drivers/lorawan/mac/LoRaMac.c:819:13:OnRadioTxDone	16	static
../stm32-it-sdk/Src/drivers/lorawan/mac/LoRaMac.c:837:13:OnRadioRxDone	32	static
../stm32-it-sdk/Src/drivers/lorawan/mac/LoRaMac.c:856:13:OnRadioTxTimeout	8	static
../stm32-it-sdk/Src/drivers/lorawan/mac/LoRaMac.c:869:13:OnRadioRxError	8	static
../stm32-it-sdk/Src/drivers/lorawan/mac/LoRaMac.c:879:13:OnRadioRxTimeout	8	static
../stm32-it-sdk/Src/drivers/lorawan/mac/LoRaMac.c:892:13:ProcessRadioTxDone	24	static
../stm32-it-sdk/Src/drivers/lorawan/mac/LoRaMac.c:947:13:PrepareRxDoneAbort	8	static
../stm32-it-sdk/Src/drivers/lorawan/mac/LoRaMac.c:960:13:ProcessRadioRxDone	176	static
../stm32-it-sdk/Src/drivers/lorawan/mac/LoRaMac.c:1349:13:ProcessRadioTxTimeout	8	static
../stm32-it-sdk/Src/drivers/lorawan/mac/LoRaMac.c:1365:13:HandleRadioRxErrorTimeout	24	static
../stm32-it-sdk/Src/drivers/lorawan/mac/LoRaMac.c:1436:13:ProcessRadioRxError	8	static
../stm32-it-sdk/Src/drivers/lorawan/mac/LoRaMac.c:1441:13:ProcessRadioRxTimeout	8	static
../stm32-it-sdk/Src/drivers/lorawan/mac/LoRaMac.c:1446:13:LoRaMacHandleIrqEvents	16	static
../stm32-it-sdk/Src/drivers/lorawan/mac/LoRaMac.c:1480:25:LoRaMacIsBusy	8	static
../stm32-it-sdk/Src/drivers/lorawan/mac/LoRaMac.c:1491:13:LoRaMacEnableRequests	16	static
../stm32-it-sdk/Src/drivers/lorawan/mac/LoRaMac.c:1496:13:LoRaMacHandleRequestEvents	16	static
../stm32-it-sdk/Src/drivers/lorawan/mac/LoRaMac.c:1540:13:LoRaMacHandleIndicationEvents	16	static
../stm32-it-sdk/Src/drivers/lorawan/mac/LoRaMac.c:1577:13:LoRaMacHandleMcpsRequest	24	static
../stm32-it-sdk/Src/drivers/lorawan/mac/LoRaMac.c:1629:13:LoRaMacHandleJoinRequest	8	static
../stm32-it-sdk/Src/drivers/lorawan/mac/LoRaMac.c:1643:16:LoRaMacCheckForTxTimeout	8	static
../stm32-it-sdk/Src/drivers/lorawan/mac/LoRaMac.c:1658:16:LoRaMacCheckForBeaconAcquisition	8	static
../stm32-it-sdk/Src/drivers/lorawan/mac/LoRaMac.c:1672:13:LoRaMacCheckForRxAbort	8	static
../stm32-it-sdk/Src/drivers/lorawan/mac/LoRaMac.c:1683:6:LoRaMacProcess	16	static
../stm32-it-sdk/Src/drivers/lorawan/mac/LoRaMac.c:1714:13:OnTxDelayedTimerEvent	16	static
../stm32-it-sdk/Src/drivers/lorawan/mac/LoRaMac.c:1740:13:OnRxWindow1TimerEvent	16	static
../stm32-it-sdk/Src/drivers/lorawan/mac/LoRaMac.c:1761:13:OnRxWindow2TimerEvent	16	static
../stm32-it-sdk/Src/drivers/lorawan/mac/LoRaMac.c:1788:13:CheckToDisableAckTimeout	24	static
../stm32-it-sdk/Src/drivers/lorawan/mac/LoRaMac.c:1811:13:OnAckTimeoutTimerEvent	16	static
../stm32-it-sdk/Src/drivers/lorawan/mac/LoRaMac.c:1829:13:RxWindowSetup	16	static
../stm32-it-sdk/Src/drivers/lorawan/mac/LoRaMac.c:1841:24:SwitchClass	40	static
../stm32-it-sdk/Src/drivers/lorawan/mac/LoRaMac.c:1905:16:GetMaxAppPayloadWithoutFOptsLength	24	static
../stm32-it-sdk/Src/drivers/lorawan/mac/LoRaMac.c:1925:13:ValidatePayloadLength	32	static
../stm32-it-sdk/Src/drivers/lorawan/mac/LoRaMac.c:1943:13:SetMlmeScheduleUplinkIndication	8	static
../stm32-it-sdk/Src/drivers/lorawan/mac/LoRaMac.c:1949:13:ProcessMacCommands	168	static
../stm32-it-sdk/Src/drivers/lorawan/mac/LoRaMac.c:2250:17:Send	80	static
../stm32-it-sdk/Src/drivers/lorawan/mac/LoRaMac.c:2336:17:SendReJoinReq	32	static
../stm32-it-sdk/Src/drivers/lorawan/mac/LoRaMac.c:2372:24:ScheduleTx	64	static
../stm32-it-sdk/Src/drivers/lorawan/mac/LoRaMac.c:2463:24:SecureFrame	40	static
../stm32-it-sdk/Src/drivers/lorawan/mac/LoRaMac.c:2500:13:CalculateBackOff	40	static
../stm32-it-sdk/Src/drivers/lorawan/mac/LoRaMac.c:2530:13:RemoveMacCommands	16	static
../stm32-it-sdk/Src/drivers/lorawan/mac/LoRaMac.c:2551:13:ResetMacParameters	16	static
../stm32-it-sdk/Src/drivers/lorawan/mac/LoRaMac.c:2592:13:OpenContinuousRx2Window	8	static
../stm32-it-sdk/Src/drivers/lorawan/mac/LoRaMac.c:2598:17:PrepareFrame	48	static
../stm32-it-sdk/Src/drivers/lorawan/mac/LoRaMac.c:2703:17:SendFrameOnChannel	48	static
../stm32-it-sdk/Src/drivers/lorawan/mac/LoRaMac.c:2769:17:SetTxContinuousWave	32	static
../stm32-it-sdk/Src/drivers/lorawan/mac/LoRaMac.c:2787:17:SetTxContinuousWave1	16	static
../stm32-it-sdk/Src/drivers/lorawan/mac/LoRaMac.c:2796:16:GetCtxs	16	static
../stm32-it-sdk/Src/drivers/lorawan/mac/LoRaMac.c:2812:17:RestoreCtxs	24	static
../stm32-it-sdk/Src/drivers/lorawan/mac/LoRaMac.c:2866:17:DetermineFrameType	16	static
../stm32-it-sdk/Src/drivers/lorawan/mac/LoRaMac.c:2918:13:CheckRetransUnconfirmedUplink	8	static
../stm32-it-sdk/Src/drivers/lorawan/mac/LoRaMac.c:2944:13:CheckRetransConfirmedUplink	8	static
../stm32-it-sdk/Src/drivers/lorawan/mac/LoRaMac.c:2963:13:StopRetransmission	16	static
../stm32-it-sdk/Src/drivers/lorawan/mac/LoRaMac.c:2993:13:AckTimeoutRetriesProcess	16	static
../stm32-it-sdk/Src/drivers/lorawan/mac/LoRaMac.c:3012:13:AckTimeoutRetriesFinalize	16	static
../stm32-it-sdk/Src/drivers/lorawan/mac/LoRaMac.c:3027:13:CallNvmCtxCallback	16	static
../stm32-it-sdk/Src/drivers/lorawan/mac/LoRaMac.c:3035:13:EventMacNvmCtxChanged	8	static
../stm32-it-sdk/Src/drivers/lorawan/mac/LoRaMac.c:3040:13:EventRegionNvmCtxChanged	8	static
../stm32-it-sdk/Src/drivers/lorawan/mac/LoRaMac.c:3045:13:EventCryptoNvmCtxChanged	8	static
../stm32-it-sdk/Src/drivers/lorawan/mac/LoRaMac.c:3050:13:EventSecureElementNvmCtxChanged	8	static
../stm32-it-sdk/Src/drivers/lorawan/mac/LoRaMac.c:3055:13:EventCommandsNvmCtxChanged	8	static
../stm32-it-sdk/Src/drivers/lorawan/mac/LoRaMac.c:3060:13:EventClassBNvmCtxChanged	8	static
../stm32-it-sdk/Src/drivers/lorawan/mac/LoRaMac.c:3065:13:EventConfirmQueueNvmCtxChanged	8	static
../stm32-it-sdk/Src/drivers/lorawan/mac/LoRaMac.c:3070:13:EventFCntHandlerNvmCtxChanged	8	static
../stm32-it-sdk/Src/drivers/lorawan/mac/LoRaMac.c:3075:16:IsRequestPending	8	static
../stm32-it-sdk/Src/drivers/lorawan/mac/LoRaMac.c:3086:17:LoRaMacInitialization	96	static
../stm32-it-sdk/Src/drivers/lorawan/mac/LoRaMac.c:3312:17:LoRaMacStart	8	static
../stm32-it-sdk/Src/drivers/lorawan/mac/LoRaMac.c:3318:17:LoRaMacStop	8	static
../stm32-it-sdk/Src/drivers/lorawan/mac/LoRaMac.c:3332:17:LoRaMacQueryTxPossible	56	static
../stm32-it-sdk/Src/drivers/lorawan/mac/LoRaMac.c:3390:17:LoRaMacMibGetRequestConfirm	40	static
../stm32-it-sdk/Src/drivers/lorawan/mac/LoRaMac.c:3556:17:LoRaMacMibSetRequestConfirm	48	static
../stm32-it-sdk/Src/drivers/lorawan/mac/LoRaMac.c:4154:17:LoRaMacChannelAdd	40	static
../stm32-it-sdk/Src/drivers/lorawan/mac/LoRaMac.c:4174:17:LoRaMacChannelRemove	24	static
../stm32-it-sdk/Src/drivers/lorawan/mac/LoRaMac.c:4197:17:LoRaMacMulticastChannelSet	16	static
../stm32-it-sdk/Src/drivers/lorawan/mac/LoRaMac.c:4218:17:LoRaMacMlmeRequest	40	static
../stm32-it-sdk/Src/drivers/lorawan/mac/LoRaMac.c:4377:17:LoRaMacMcpsRequest	64	static
../stm32-it-sdk/Src/drivers/lorawan/mac/LoRaMac.c:4488:6:LoRaMacTestSetDutyCycleOn	24	static
