../stm32-it-sdk/Src/drivers/lorawan/mac/LoRaMacCrypto.c:246:30:PayloadEncrypt	72	static
../stm32-it-sdk/Src/drivers/lorawan/mac/LoRaMacCrypto.c:316:30:FOptsEncrypt	64	static
../stm32-it-sdk/Src/drivers/lorawan/mac/LoRaMacCrypto.c:392:30:LoraMacCryptoComputeCmac	32	static
../stm32-it-sdk/Src/drivers/lorawan/mac/LoRaMacCrypto.c:411:30:VerifyCmac	32	static
../stm32-it-sdk/Src/drivers/lorawan/mac/LoRaMacCrypto.c:433:30:PrepareB0	32	static
../stm32-it-sdk/Src/drivers/lorawan/mac/LoRaMacCrypto.c:501:30:ComputeCmacB0	320	static
../stm32-it-sdk/Src/drivers/lorawan/mac/LoRaMacCrypto.c:542:30:VerifyCmacB0	328	static
../stm32-it-sdk/Src/drivers/lorawan/mac/LoRaMacCrypto.c:590:30:PrepareB1	32	static
../stm32-it-sdk/Src/drivers/lorawan/mac/LoRaMacCrypto.c:649:30:ComputeCmacB1	320	static
../stm32-it-sdk/Src/drivers/lorawan/mac/LoRaMacCrypto.c:686:30:GetKeyAddrItem	24	static
../stm32-it-sdk/Src/drivers/lorawan/mac/LoRaMacCrypto.c:708:30:DeriveSessionKey10x	48	static
../stm32-it-sdk/Src/drivers/lorawan/mac/LoRaMacCrypto.c:752:30:DeriveSessionKey11x	56	static
../stm32-it-sdk/Src/drivers/lorawan/mac/LoRaMacCrypto.c:800:30:DeriveLifeTimeSessionKey	40	static
../stm32-it-sdk/Src/drivers/lorawan/mac/LoRaMacCrypto.c:839:13:CheckFCntDown	24	static
../stm32-it-sdk/Src/drivers/lorawan/mac/LoRaMacCrypto.c:893:13:UpdateFCntDown	16	static
../stm32-it-sdk/Src/drivers/lorawan/mac/LoRaMacCrypto.c:927:6:ResetFCnts	8	static
../stm32-it-sdk/Src/drivers/lorawan/mac/LoRaMacCrypto.c:946:13:DummyCB	8	static
../stm32-it-sdk/Src/drivers/lorawan/mac/LoRaMacCrypto.c:955:23:LoRaMacCryptoInit	16	static
../stm32-it-sdk/Src/drivers/lorawan/mac/LoRaMacCrypto.c:994:23:LoRaMacCryptoSetLrWanVersion	16	static
../stm32-it-sdk/Src/drivers/lorawan/mac/LoRaMacCrypto.c:1000:23:LoRaMacCryptoRestoreNvmCtx	16	static
../stm32-it-sdk/Src/drivers/lorawan/mac/LoRaMacCrypto.c:1014:7:LoRaMacCryptoGetNvmCtx	16	static
../stm32-it-sdk/Src/drivers/lorawan/mac/LoRaMacCrypto.c:1020:23:LoRaMacCryptoSetKey	16	static
../stm32-it-sdk/Src/drivers/lorawan/mac/LoRaMacCrypto.c:1029:23:LoRaMacCryptoPrepareJoinRequest	32	static
../stm32-it-sdk/Src/drivers/lorawan/mac/LoRaMacCrypto.c:1081:23:LoRaMacCryptoPrepareReJoinType1	32	static
../stm32-it-sdk/Src/drivers/lorawan/mac/LoRaMacCrypto.c:1121:23:LoRaMacCryptoPrepareReJoinType0or2	32	static
../stm32-it-sdk/Src/drivers/lorawan/mac/LoRaMacCrypto.c:1160:23:LoRaMacCryptoHandleJoinAccept	328	static
../stm32-it-sdk/Src/drivers/lorawan/mac/LoRaMacCrypto.c:1341:23:LoRaMacCryptoSecureMessage	80	static
../stm32-it-sdk/Src/drivers/lorawan/mac/LoRaMacCrypto.c:1431:23:LoRaMacCryptoUnsecureMessage	64	static
../stm32-it-sdk/Src/drivers/lorawan/mac/LoRaMacCrypto.c:1510:23:LoRaMacCryptoDeriveMcKEKey	40	static
../stm32-it-sdk/Src/drivers/lorawan/mac/LoRaMacCrypto.c:1542:23:LoRaMacCryptoDeriveMcSessionKeyPair	64	static
