../stm32-it-sdk/Src/drivers/lorawan/mac/LoRaMacClassB.c:524:6:LoRaMacClassBInit	24	static
../stm32-it-sdk/Src/drivers/lorawan/mac/LoRaMacClassB.c:548:6:LoRaMacClassBRestoreNvmCtx	16	static
../stm32-it-sdk/Src/drivers/lorawan/mac/LoRaMacClassB.c:566:7:LoRaMacClassBGetNvmCtx	16	static
../stm32-it-sdk/Src/drivers/lorawan/mac/LoRaMacClassB.c:577:6:LoRaMacClassBSetBeaconState	16	static
../stm32-it-sdk/Src/drivers/lorawan/mac/LoRaMacClassB.c:608:6:LoRaMacClassBSetPingSlotState	16	static
../stm32-it-sdk/Src/drivers/lorawan/mac/LoRaMacClassB.c:616:6:LoRaMacClassBSetMulticastSlotState	16	static
../stm32-it-sdk/Src/drivers/lorawan/mac/LoRaMacClassB.c:624:6:LoRaMacClassBIsAcquisitionInProgress	8	static
../stm32-it-sdk/Src/drivers/lorawan/mac/LoRaMacClassB.c:645:6:LoRaMacClassBBeaconTimerEvent	16	static
../stm32-it-sdk/Src/drivers/lorawan/mac/LoRaMacClassB.c:886:6:LoRaMacClassBPingSlotTimerEvent	16	static
../stm32-it-sdk/Src/drivers/lorawan/mac/LoRaMacClassB.c:998:6:LoRaMacClassBMulticastSlotTimerEvent	16	static
../stm32-it-sdk/Src/drivers/lorawan/mac/LoRaMacClassB.c:1155:6:LoRaMacClassBRxBeacon	16	static
../stm32-it-sdk/Src/drivers/lorawan/mac/LoRaMacClassB.c:1248:6:LoRaMacClassBIsBeaconExpected	8	static
../stm32-it-sdk/Src/drivers/lorawan/mac/LoRaMacClassB.c:1262:6:LoRaMacClassBIsPingExpected	8	static
../stm32-it-sdk/Src/drivers/lorawan/mac/LoRaMacClassB.c:1275:6:LoRaMacClassBIsMulticastExpected	8	static
../stm32-it-sdk/Src/drivers/lorawan/mac/LoRaMacClassB.c:1288:6:LoRaMacClassBIsAcquisitionPending	8	static
../stm32-it-sdk/Src/drivers/lorawan/mac/LoRaMacClassB.c:1301:6:LoRaMacClassBIsBeaconModeActive	8	static
../stm32-it-sdk/Src/drivers/lorawan/mac/LoRaMacClassB.c:1315:6:LoRaMacClassBSetPingSlotInfo	16	static
../stm32-it-sdk/Src/drivers/lorawan/mac/LoRaMacClassB.c:1324:6:LoRaMacClassBHaltBeaconing	8	static
../stm32-it-sdk/Src/drivers/lorawan/mac/LoRaMacClassB.c:1354:6:LoRaMacClassBResumeBeaconing	8	static
../stm32-it-sdk/Src/drivers/lorawan/mac/LoRaMacClassB.c:1376:17:LoRaMacClassBSwitchClass	16	static
../stm32-it-sdk/Src/drivers/lorawan/mac/LoRaMacClassB.c:1401:17:LoRaMacClassBMibGetRequestConfirm	16	static
../stm32-it-sdk/Src/drivers/lorawan/mac/LoRaMacClassB.c:1425:17:LoRaMacMibClassBSetRequestConfirm	16	static
../stm32-it-sdk/Src/drivers/lorawan/mac/LoRaMacClassB.c:1450:6:LoRaMacClassBPingSlotInfoAns	8	static
../stm32-it-sdk/Src/drivers/lorawan/mac/LoRaMacClassB.c:1461:9:LoRaMacClassBPingSlotChannelReq	16	static
../stm32-it-sdk/Src/drivers/lorawan/mac/LoRaMacClassB.c:1507:6:LoRaMacClassBBeaconTimingAns	16	static
../stm32-it-sdk/Src/drivers/lorawan/mac/LoRaMacClassB.c:1537:6:LoRaMacClassBDeviceTimeAns	8	static
../stm32-it-sdk/Src/drivers/lorawan/mac/LoRaMacClassB.c:1578:6:LoRaMacClassBBeaconFreqReq	16	static
../stm32-it-sdk/Src/drivers/lorawan/mac/LoRaMacClassB.c:1602:13:LoRaMacClassBIsUplinkCollision	16	static
../stm32-it-sdk/Src/drivers/lorawan/mac/LoRaMacClassB.c:1625:6:LoRaMacClassBStopRxSlots	8	static
../stm32-it-sdk/Src/drivers/lorawan/mac/LoRaMacClassB.c:1638:6:LoRaMacClassBStartRxSlots	8	static
../stm32-it-sdk/Src/drivers/lorawan/mac/LoRaMacClassB.c:1656:6:LoRaMacClassBSetMulticastPeriodicity	16	static
../stm32-it-sdk/Src/drivers/lorawan/mac/LoRaMacClassB.c:1667:6:LoRaMacClassBProcess	8	static
