../stm32-it-sdk/Src/stm32l_sdk/rtc/rtc.c:43:6:rtc_configure4LowPower	16	static
../stm32-it-sdk/Src/stm32l_sdk/rtc/rtc.c:53:6:rtc_disable4LowPower	8	static
../stm32-it-sdk/Src/stm32l_sdk/rtc/rtc.c:63:6:rtc_runRtcUntil	16	static
../stm32-it-sdk/Src/stm32l_sdk/rtc/rtc.c:70:10:rtc_getTicksFromDuration	16	static
../stm32-it-sdk/Src/stm32l_sdk/rtc/rtc.c:77:9:rtc_getMsFromTicks	16	static
../stm32-it-sdk/Src/stm32l_sdk/rtc/rtc.c:84:6:rtc_runRtcUntilTicks	16	static
../stm32-it-sdk/Src/stm32l_sdk/rtc/rtc.c:89:6:rtc_disableWakeUp	8	static
../stm32-it-sdk/Src/stm32l_sdk/rtc/rtc.c:107:10:rtc_getTimestampMs	8	static
../stm32-it-sdk/Src/stm32l_sdk/rtc/rtc.c:111:10:rtc_getTimestampMsRaw	104	static
../stm32-it-sdk/Src/stm32l_sdk/rtc/rtc.c:163:6:rtc_resetTime	32	static
../stm32-it-sdk/Src/stm32l_sdk/rtc/rtc.c:186:6:rtc_prepareSleepTime	8	static
../stm32-it-sdk/Src/stm32l_sdk/rtc/rtc.c:201:6:rtc_updateTimeAfterSleepTime	8	static
../stm32-it-sdk/Src/stm32l_sdk/rtc/rtc.c:212:6:HAL_RTCEx_WakeUpTimerEventCallback	24	static
../stm32-it-sdk/Src/stm32l_sdk/rtc/rtc.c:229:6:rtc_registerIrqAction	24	static
../stm32-it-sdk/Src/stm32l_sdk/rtc/rtc.c:245:6:rtc_removeIrqAction	24	static
../stm32-it-sdk/Src/stm32l_sdk/rtc/rtc.c:258:6:rtc_existAction	24	static
../stm32-it-sdk/Src/stm32l_sdk/rtc/rtc.c:278:10:rtc_getClockAdjustement	8	static
../stm32-it-sdk/Src/stm32l_sdk/rtc/rtc.c:294:6:rtc_adjustTime	16	static
../stm32-it-sdk/Src/stm32l_sdk/rtc/rtc.c:312:10:rtc_calcClockRatio	8	static
