../stm32-it-sdk/Src/drivers/lorawan/core/lorawan.c:102:6:lorawan_driver_loop	8	static
../stm32-it-sdk/Src/drivers/lorawan/core/lorawan.c:113:13:lorawan_driver_waitUntilEndOfExecution	8	static
../stm32-it-sdk/Src/drivers/lorawan/core/lorawan.c:131:13:lorawan_driver_onDataReception	16	static
../stm32-it-sdk/Src/drivers/lorawan/core/lorawan.c:139:13:lorawan_driver_onJoinSuccess	8	static
../stm32-it-sdk/Src/drivers/lorawan/core/lorawan.c:146:13:lorawan_driver_onJoinFailed	8	static
../stm32-it-sdk/Src/drivers/lorawan/core/lorawan.c:153:13:lorawan_driver_onSendSuccess	8	static
../stm32-it-sdk/Src/drivers/lorawan/core/lorawan.c:160:13:lorawan_driver_onSendAckSuccess	8	static
../stm32-it-sdk/Src/drivers/lorawan/core/lorawan.c:167:13:lorawan_driver_onPendingDownlink	8	static
../stm32-it-sdk/Src/drivers/lorawan/core/lorawan.c:175:13:lorawan_driver_onSendSuccessAckFailed	8	static
../stm32-it-sdk/Src/drivers/lorawan/core/lorawan.c:190:16:lorawan_driver_battery_level	24	static
../stm32-it-sdk/Src/drivers/lorawan/core/lorawan.c:201:17:lorawan_driver_temperature	24	static
../stm32-it-sdk/Src/drivers/lorawan/core/lorawan.c:210:6:lorawan_driver_macProcessNotify	8	static
../stm32-it-sdk/Src/drivers/lorawan/core/lorawan.c:217:6:lorawan_driver_nvmContextChange	16	static
../stm32-it-sdk/Src/drivers/lorawan/core/lorawan.c:224:13:lorawan_driver_onTxNeeded	8	static
../stm32-it-sdk/Src/drivers/lorawan/core/lorawan.c:232:16:__convertDR	16	static
../stm32-it-sdk/Src/drivers/lorawan/core/lorawan.c:257:16:__convertTxPower	16	static
../stm32-it-sdk/Src/drivers/lorawan/core/lorawan.c:282:16:__unconvertTxPower	16	static
../stm32-it-sdk/Src/drivers/lorawan/core/lorawan.c:338:6:lorawan_driver_LORA_Init	48	static
../stm32-it-sdk/Src/drivers/lorawan/core/lorawan.c:527:22:lorawan_driver_LORA_Join	80	static
../stm32-it-sdk/Src/drivers/lorawan/core/lorawan.c:600:22:lorawan_driver_LORA_Send	72	static
../stm32-it-sdk/Src/drivers/lorawan/core/lorawan.c:733:25:lorawan_driver_LORA_AddChannel	56	static
../stm32-it-sdk/Src/drivers/lorawan/core/lorawan.c:774:25:lorawan_driver_LORA_SelectChannels	24	static
../stm32-it-sdk/Src/drivers/lorawan/core/lorawan.c:797:25:lorawan_driver_LORA_RemoveChannel	16	static
../stm32-it-sdk/Src/drivers/lorawan/core/lorawan.c:810:10:lorawan_driver_LORA_GetUplinkFrameCounter	8	static
../stm32-it-sdk/Src/drivers/lorawan/core/lorawan.c:818:10:lorawan_driver_LORA_GetDownlinkFrameCounter	8	static
../stm32-it-sdk/Src/drivers/lorawan/core/lorawan.c:832:23:lorawan_driver_LORA_GetTxPower	32	static
../stm32-it-sdk/Src/drivers/lorawan/core/lorawan.c:849:6:lorawan_driver_LORA_SetTxPower	48	static
../stm32-it-sdk/Src/drivers/lorawan/core/lorawan.c:865:25:lorawan_driver_LORA_GetLastRssiSnr	16	static
../stm32-it-sdk/Src/drivers/lorawan/core/lorawan.c:878:6:lorawan_driver_LORA_ChangeDefaultRate	16	static
../stm32-it-sdk/Src/drivers/lorawan/core/lorawan.c:888:26:lorawan_driver_LORA_getJoinState	8	static
../stm32-it-sdk/Src/drivers/lorawan/core/lorawan.c:897:26:lorawan_driver_LORA_getSendState	8	static
../stm32-it-sdk/Src/drivers/lorawan/core/lorawan.c:908:13:McpsConfirm	16	static
../stm32-it-sdk/Src/drivers/lorawan/core/lorawan.c:973:13:McpsIndication	16	static
../stm32-it-sdk/Src/drivers/lorawan/core/lorawan.c:1078:13:MlmeConfirm	16	static
../stm32-it-sdk/Src/drivers/lorawan/core/lorawan.c:1191:13:MlmeIndication	16	static
