../stm32-it-sdk/Src/it_sdk/eeprom/sdk_config.c:67:28:itsdk_config_sdk_resetToFactory	8	static
../stm32-it-sdk/Src/it_sdk/eeprom/sdk_config.c:120:29:itsdk_config_app_resetToFactory	8	static
../stm32-it-sdk/Src/it_sdk/eeprom/sdk_config.c:130:21:itsdk_config_resetToFactory	16	static
../stm32-it-sdk/Src/it_sdk/eeprom/sdk_config.c:145:21:itsdk_config_flushConfig	16	static
../stm32-it-sdk/Src/it_sdk/eeprom/sdk_config.c:164:20:itsdk_config_loadConfiguration	32	static
../stm32-it-sdk/Src/it_sdk/eeprom/sdk_config.c:227:27:itsdk_config_app_commitConfiguration	8	static
../stm32-it-sdk/Src/it_sdk/eeprom/sdk_config.c:236:20:itsdk_config_commitConfiguration	32	static
../stm32-it-sdk/Src/it_sdk/eeprom/sdk_config.c:279:15:itsdk_config_app_printConfig	16	static
../stm32-it-sdk/Src/it_sdk/eeprom/sdk_config.c:286:32:_itsdk_config_consolePublic	24	static
../stm32-it-sdk/Src/it_sdk/eeprom/sdk_config.c:373:31:_itsdk_config_consolePriv	48	static
