../stm32-it-sdk/Src/drivers/lorawan/mac/region/RegionCommon.c:42:16:CountChannels	24	static
../stm32-it-sdk/Src/drivers/lorawan/mac/region/RegionCommon.c:56:10:RegionCommonGetJoinDc	24	static
../stm32-it-sdk/Src/drivers/lorawan/mac/region/RegionCommon.c:75:6:RegionCommonChanVerifyDr	32	static
../stm32-it-sdk/Src/drivers/lorawan/mac/region/RegionCommon.c:100:9:RegionCommonValueInRange	24	static
../stm32-it-sdk/Src/drivers/lorawan/mac/region/RegionCommon.c:109:6:RegionCommonChanDisable	24	static
../stm32-it-sdk/Src/drivers/lorawan/mac/region/RegionCommon.c:124:9:RegionCommonCountChannels	32	static
../stm32-it-sdk/Src/drivers/lorawan/mac/region/RegionCommon.c:141:6:RegionCommonChanMaskCopy	32	static
../stm32-it-sdk/Src/drivers/lorawan/mac/region/RegionCommon.c:152:6:RegionCommonSetBandTxDone	24	static
../stm32-it-sdk/Src/drivers/lorawan/mac/region/RegionCommon.c:165:13:RegionCommonUpdateBandTimeOff	40	static
../stm32-it-sdk/Src/drivers/lorawan/mac/region/RegionCommon.c:210:9:RegionCommonParseLinkAdrReq	24	static
../stm32-it-sdk/Src/drivers/lorawan/mac/region/RegionCommon.c:234:9:RegionCommonLinkAdrReqVerifyParams	56	static
../stm32-it-sdk/Src/drivers/lorawan/mac/region/RegionCommon.c:291:8:RegionCommonComputeSymbolTimeLoRa	24	static
../stm32-it-sdk/Src/drivers/lorawan/mac/region/RegionCommon.c:296:8:RegionCommonComputeSymbolTimeFsk	16	static
../stm32-it-sdk/Src/drivers/lorawan/mac/region/RegionCommon.c:301:6:RegionCommonComputeRxWindowParameters	40	static
../stm32-it-sdk/Src/drivers/lorawan/mac/region/RegionCommon.c:307:8:RegionCommonComputeTxPower	40	static
../stm32-it-sdk/Src/drivers/lorawan/mac/region/RegionCommon.c:316:6:RegionCommonCalcBackOff	40	static
../stm32-it-sdk/Src/drivers/lorawan/mac/region/RegionCommon.c:360:6:RegionCommonRxBeaconSetup	72	static
