../stm32-it-sdk/Src/drivers/lorawan/mac/region/RegionRU864.c:68:15:GetNextLowerTxDr	24	static
../stm32-it-sdk/Src/drivers/lorawan/mac/region/RegionRU864.c:83:17:GetBandwidth	16	static
../stm32-it-sdk/Src/drivers/lorawan/mac/region/RegionRU864.c:97:15:LimitTxPower	32	static
../stm32-it-sdk/Src/drivers/lorawan/mac/region/RegionRU864.c:107:13:VerifyRfFreq	16	static
../stm32-it-sdk/Src/drivers/lorawan/mac/region/RegionRU864.c:123:16:CountNbOfEnabledChannels	40	static
../stm32-it-sdk/Src/drivers/lorawan/mac/region/RegionRU864.c:164:12:RegionRU864GetPhyParam	24	static
../stm32-it-sdk/Src/drivers/lorawan/mac/region/RegionRU864.c:332:6:RegionRU864SetBandTxDone	16	static
../stm32-it-sdk/Src/drivers/lorawan/mac/region/RegionRU864.c:337:6:RegionRU864InitDefaults	64	static
../stm32-it-sdk/Src/drivers/lorawan/mac/region/RegionRU864.c:382:7:RegionRU864GetNvmCtx	16	static
../stm32-it-sdk/Src/drivers/lorawan/mac/region/RegionRU864.c:388:6:RegionRU864Verify	16	static
../stm32-it-sdk/Src/drivers/lorawan/mac/region/RegionRU864.c:419:6:RegionRU864ApplyCFList	56	static
../stm32-it-sdk/Src/drivers/lorawan/mac/region/RegionRU864.c:478:6:RegionRU864ChanMaskSet	16	static
../stm32-it-sdk/Src/drivers/lorawan/mac/region/RegionRU864.c:498:6:RegionRU864ComputeRxWindowParameters	64	static
../stm32-it-sdk/Src/drivers/lorawan/mac/region/RegionRU864.c:518:6:RegionRU864RxConfig	88	static
../stm32-it-sdk/Src/drivers/lorawan/mac/region/RegionRU864.c:575:6:RegionRU864TxConfig	96	static
../stm32-it-sdk/Src/drivers/lorawan/mac/region/RegionRU864.c:609:9:RegionRU864LinkAdrReq	96	static
../stm32-it-sdk/Src/drivers/lorawan/mac/region/RegionRU864.c:714:9:RegionRU864RxParamSetupReq	32	static
../stm32-it-sdk/Src/drivers/lorawan/mac/region/RegionRU864.c:739:9:RegionRU864NewChannelReq	40	static
../stm32-it-sdk/Src/drivers/lorawan/mac/region/RegionRU864.c:792:8:RegionRU864TxParamSetupReq	16	static
../stm32-it-sdk/Src/drivers/lorawan/mac/region/RegionRU864.c:797:9:RegionRU864DlChannelReq	32	static
../stm32-it-sdk/Src/drivers/lorawan/mac/region/RegionRU864.c:822:8:RegionRU864AlternateDr	16	static
../stm32-it-sdk/Src/drivers/lorawan/mac/region/RegionRU864.c:827:6:RegionRU864CalcBackOff	40	static
../stm32-it-sdk/Src/drivers/lorawan/mac/region/RegionRU864.c:843:17:RegionRU864NextChannel	72	static
../stm32-it-sdk/Src/drivers/lorawan/mac/region/RegionRU864.c:897:17:RegionRU864ChannelAdd	32	static
../stm32-it-sdk/Src/drivers/lorawan/mac/region/RegionRU864.c:956:6:RegionRU864ChannelsRemove	40	static
../stm32-it-sdk/Src/drivers/lorawan/mac/region/RegionRU864.c:971:6:RegionRU864SetContinuousWave	40	static
../stm32-it-sdk/Src/drivers/lorawan/mac/region/RegionRU864.c:983:9:RegionRU864ApplyDrOffset	32	static
../stm32-it-sdk/Src/drivers/lorawan/mac/region/RegionRU864.c:994:6:RegionRU864RxBeaconSetup	40	static
