../stm32-it-sdk/Src/drivers/lorawan/mac/region/RegionUS915.c:83:15:GetNextLowerTxDr	24	static
../stm32-it-sdk/Src/drivers/lorawan/mac/region/RegionUS915.c:109:24:FindAvailable125kHzChannels	32	static
../stm32-it-sdk/Src/drivers/lorawan/mac/region/RegionUS915.c:141:24:ComputeNext125kHzJoinChannel	40	static
../stm32-it-sdk/Src/drivers/lorawan/mac/region/RegionUS915.c:198:17:GetBandwidth	16	static
../stm32-it-sdk/Src/drivers/lorawan/mac/region/RegionUS915.c:212:15:LimitTxPower	32	static
../stm32-it-sdk/Src/drivers/lorawan/mac/region/RegionUS915.c:233:13:VerifyRfFreq	16	static
../stm32-it-sdk/Src/drivers/lorawan/mac/region/RegionUS915.c:257:16:CountNbOfEnabledChannels	40	static
../stm32-it-sdk/Src/drivers/lorawan/mac/region/RegionUS915.c:291:12:RegionUS915GetPhyParam	24	static
../stm32-it-sdk/Src/drivers/lorawan/mac/region/RegionUS915.c:479:6:RegionUS915SetBandTxDone	16	static
../stm32-it-sdk/Src/drivers/lorawan/mac/region/RegionUS915.c:484:6:RegionUS915InitDefaults	48	static
../stm32-it-sdk/Src/drivers/lorawan/mac/region/RegionUS915.c:561:7:RegionUS915GetNvmCtx	16	static
../stm32-it-sdk/Src/drivers/lorawan/mac/region/RegionUS915.c:567:6:RegionUS915Verify	16	static
../stm32-it-sdk/Src/drivers/lorawan/mac/region/RegionUS915.c:598:6:RegionUS915ApplyCFList	32	static
../stm32-it-sdk/Src/drivers/lorawan/mac/region/RegionUS915.c:626:6:RegionUS915ChanMaskSet	32	static
../stm32-it-sdk/Src/drivers/lorawan/mac/region/RegionUS915.c:670:6:RegionUS915ComputeRxWindowParameters	64	static
../stm32-it-sdk/Src/drivers/lorawan/mac/region/RegionUS915.c:683:6:RegionUS915RxConfig	88	static
../stm32-it-sdk/Src/drivers/lorawan/mac/region/RegionUS915.c:724:6:RegionUS915TxConfig	96	static
../stm32-it-sdk/Src/drivers/lorawan/mac/region/RegionUS915.c:749:9:RegionUS915LinkAdrReq	104	static
../stm32-it-sdk/Src/drivers/lorawan/mac/region/RegionUS915.c:910:9:RegionUS915RxParamSetupReq	32	static
../stm32-it-sdk/Src/drivers/lorawan/mac/region/RegionUS915.c:940:9:RegionUS915NewChannelReq	16	static
../stm32-it-sdk/Src/drivers/lorawan/mac/region/RegionUS915.c:946:8:RegionUS915TxParamSetupReq	16	static
../stm32-it-sdk/Src/drivers/lorawan/mac/region/RegionUS915.c:951:9:RegionUS915DlChannelReq	16	static
../stm32-it-sdk/Src/drivers/lorawan/mac/region/RegionUS915.c:956:8:RegionUS915AlternateDr	16	static
../stm32-it-sdk/Src/drivers/lorawan/mac/region/RegionUS915.c:981:6:RegionUS915CalcBackOff	40	static
../stm32-it-sdk/Src/drivers/lorawan/mac/region/RegionUS915.c:997:17:RegionUS915NextChannel	128	static
../stm32-it-sdk/Src/drivers/lorawan/mac/region/RegionUS915.c:1096:17:RegionUS915ChannelAdd	16	static
../stm32-it-sdk/Src/drivers/lorawan/mac/region/RegionUS915.c:1101:6:RegionUS915ChannelsRemove	16	static
../stm32-it-sdk/Src/drivers/lorawan/mac/region/RegionUS915.c:1106:6:RegionUS915SetContinuousWave	40	static
../stm32-it-sdk/Src/drivers/lorawan/mac/region/RegionUS915.c:1118:9:RegionUS915ApplyDrOffset	32	static
../stm32-it-sdk/Src/drivers/lorawan/mac/region/RegionUS915.c:1129:6:RegionUS915RxBeaconSetup	40	static
