../stm32-it-sdk/Src/drivers/lorawan/mac/region/RegionEU868.c:69:15:GetNextLowerTxDr	24	static
../stm32-it-sdk/Src/drivers/lorawan/mac/region/RegionEU868.c:84:17:GetBandwidth	16	static
../stm32-it-sdk/Src/drivers/lorawan/mac/region/RegionEU868.c:98:15:LimitTxPower	32	static
../stm32-it-sdk/Src/drivers/lorawan/mac/region/RegionEU868.c:108:13:VerifyRfFreq	16	static
../stm32-it-sdk/Src/drivers/lorawan/mac/region/RegionEU868.c:148:16:CountNbOfEnabledChannels	40	static
../stm32-it-sdk/Src/drivers/lorawan/mac/region/RegionEU868.c:189:12:RegionEU868GetPhyParam	24	static
../stm32-it-sdk/Src/drivers/lorawan/mac/region/RegionEU868.c:367:6:RegionEU868SetBandTxDone	16	static
../stm32-it-sdk/Src/drivers/lorawan/mac/region/RegionEU868.c:372:6:RegionEU868InitDefaults	144	static
../stm32-it-sdk/Src/drivers/lorawan/mac/region/RegionEU868.c:422:7:RegionEU868GetNvmCtx	16	static
../stm32-it-sdk/Src/drivers/lorawan/mac/region/RegionEU868.c:428:6:RegionEU868Verify	16	static
../stm32-it-sdk/Src/drivers/lorawan/mac/region/RegionEU868.c:459:6:RegionEU868ApplyCFList	56	static
../stm32-it-sdk/Src/drivers/lorawan/mac/region/RegionEU868.c:518:6:RegionEU868ChanMaskSet	16	static
../stm32-it-sdk/Src/drivers/lorawan/mac/region/RegionEU868.c:538:6:RegionEU868ComputeRxWindowParameters	64	static
../stm32-it-sdk/Src/drivers/lorawan/mac/region/RegionEU868.c:558:6:RegionEU868RxConfig	88	static
../stm32-it-sdk/Src/drivers/lorawan/mac/region/RegionEU868.c:615:6:RegionEU868TxConfig	96	static
../stm32-it-sdk/Src/drivers/lorawan/mac/region/RegionEU868.c:650:9:RegionEU868LinkAdrReq	96	static
../stm32-it-sdk/Src/drivers/lorawan/mac/region/RegionEU868.c:755:9:RegionEU868RxParamSetupReq	32	static
../stm32-it-sdk/Src/drivers/lorawan/mac/region/RegionEU868.c:781:9:RegionEU868NewChannelReq	40	static
../stm32-it-sdk/Src/drivers/lorawan/mac/region/RegionEU868.c:834:8:RegionEU868TxParamSetupReq	16	static
../stm32-it-sdk/Src/drivers/lorawan/mac/region/RegionEU868.c:839:9:RegionEU868DlChannelReq	32	static
../stm32-it-sdk/Src/drivers/lorawan/mac/region/RegionEU868.c:865:8:RegionEU868AlternateDr	16	static
../stm32-it-sdk/Src/drivers/lorawan/mac/region/RegionEU868.c:870:6:RegionEU868CalcBackOff	40	static
../stm32-it-sdk/Src/drivers/lorawan/mac/region/RegionEU868.c:886:17:RegionEU868NextChannel	80	static
../stm32-it-sdk/Src/drivers/lorawan/mac/region/RegionEU868.c:940:17:RegionEU868ChannelAdd	32	static
../stm32-it-sdk/Src/drivers/lorawan/mac/region/RegionEU868.c:1000:6:RegionEU868ChannelsRemove	40	static
../stm32-it-sdk/Src/drivers/lorawan/mac/region/RegionEU868.c:1015:6:RegionEU868SetContinuousWave	40	static
../stm32-it-sdk/Src/drivers/lorawan/mac/region/RegionEU868.c:1027:9:RegionEU868ApplyDrOffset	32	static
../stm32-it-sdk/Src/drivers/lorawan/mac/region/RegionEU868.c:1038:6:RegionEU868RxBeaconSetup	40	static
