../stm32-it-sdk/Src/drivers/lorawan/mac/region/RegionAS923.c:69:15:GetNextLowerTxDr	24	static
../stm32-it-sdk/Src/drivers/lorawan/mac/region/RegionAS923.c:84:17:GetBandwidth	16	static
../stm32-it-sdk/Src/drivers/lorawan/mac/region/RegionAS923.c:98:15:LimitTxPower	32	static
../stm32-it-sdk/Src/drivers/lorawan/mac/region/RegionAS923.c:108:13:VerifyRfFreq	16	static
../stm32-it-sdk/Src/drivers/lorawan/mac/region/RegionAS923.c:123:16:CountNbOfEnabledChannels	40	static
../stm32-it-sdk/Src/drivers/lorawan/mac/region/RegionAS923.c:164:12:RegionAS923GetPhyParam	24	static
../stm32-it-sdk/Src/drivers/lorawan/mac/region/RegionAS923.c:381:6:RegionAS923SetBandTxDone	16	static
../stm32-it-sdk/Src/drivers/lorawan/mac/region/RegionAS923.c:386:6:RegionAS923InitDefaults	64	static
../stm32-it-sdk/Src/drivers/lorawan/mac/region/RegionAS923.c:431:7:RegionAS923GetNvmCtx	16	static
../stm32-it-sdk/Src/drivers/lorawan/mac/region/RegionAS923.c:437:6:RegionAS923Verify	16	static
../stm32-it-sdk/Src/drivers/lorawan/mac/region/RegionAS923.c:482:6:RegionAS923ApplyCFList	56	static
../stm32-it-sdk/Src/drivers/lorawan/mac/region/RegionAS923.c:541:6:RegionAS923ChanMaskSet	16	static
../stm32-it-sdk/Src/drivers/lorawan/mac/region/RegionAS923.c:561:6:RegionAS923ComputeRxWindowParameters	64	static
../stm32-it-sdk/Src/drivers/lorawan/mac/region/RegionAS923.c:581:6:RegionAS923RxConfig	88	static
../stm32-it-sdk/Src/drivers/lorawan/mac/region/RegionAS923.c:639:6:RegionAS923TxConfig	96	static
../stm32-it-sdk/Src/drivers/lorawan/mac/region/RegionAS923.c:673:9:RegionAS923LinkAdrReq	96	static
../stm32-it-sdk/Src/drivers/lorawan/mac/region/RegionAS923.c:778:9:RegionAS923RxParamSetupReq	32	static
../stm32-it-sdk/Src/drivers/lorawan/mac/region/RegionAS923.c:803:9:RegionAS923NewChannelReq	40	static
../stm32-it-sdk/Src/drivers/lorawan/mac/region/RegionAS923.c:856:8:RegionAS923TxParamSetupReq	16	static
../stm32-it-sdk/Src/drivers/lorawan/mac/region/RegionAS923.c:862:9:RegionAS923DlChannelReq	32	static
../stm32-it-sdk/Src/drivers/lorawan/mac/region/RegionAS923.c:887:8:RegionAS923AlternateDr	16	static
../stm32-it-sdk/Src/drivers/lorawan/mac/region/RegionAS923.c:893:6:RegionAS923CalcBackOff	40	static
../stm32-it-sdk/Src/drivers/lorawan/mac/region/RegionAS923.c:909:17:RegionAS923NextChannel	80	static
../stm32-it-sdk/Src/drivers/lorawan/mac/region/RegionAS923.c:975:17:RegionAS923ChannelAdd	32	static
../stm32-it-sdk/Src/drivers/lorawan/mac/region/RegionAS923.c:1034:6:RegionAS923ChannelsRemove	40	static
../stm32-it-sdk/Src/drivers/lorawan/mac/region/RegionAS923.c:1049:6:RegionAS923SetContinuousWave	40	static
../stm32-it-sdk/Src/drivers/lorawan/mac/region/RegionAS923.c:1061:9:RegionAS923ApplyDrOffset	32	static
../stm32-it-sdk/Src/drivers/lorawan/mac/region/RegionAS923.c:1076:6:RegionAS923RxBeaconSetup	40	static
