../stm32-it-sdk/Src/drivers/lorawan/mac/region/RegionCN779.c:70:15:GetNextLowerTxDr	24	static
../stm32-it-sdk/Src/drivers/lorawan/mac/region/RegionCN779.c:85:17:GetBandwidth	16	static
../stm32-it-sdk/Src/drivers/lorawan/mac/region/RegionCN779.c:99:15:LimitTxPower	32	static
../stm32-it-sdk/Src/drivers/lorawan/mac/region/RegionCN779.c:109:13:VerifyRfFreq	16	static
../stm32-it-sdk/Src/drivers/lorawan/mac/region/RegionCN779.c:124:16:CountNbOfEnabledChannels	40	static
../stm32-it-sdk/Src/drivers/lorawan/mac/region/RegionCN779.c:165:12:RegionCN779GetPhyParam	24	static
../stm32-it-sdk/Src/drivers/lorawan/mac/region/RegionCN779.c:343:6:RegionCN779SetBandTxDone	16	static
../stm32-it-sdk/Src/drivers/lorawan/mac/region/RegionCN779.c:348:6:RegionCN779InitDefaults	80	static
../stm32-it-sdk/Src/drivers/lorawan/mac/region/RegionCN779.c:394:7:RegionCN779GetNvmCtx	16	static
../stm32-it-sdk/Src/drivers/lorawan/mac/region/RegionCN779.c:400:6:RegionCN779Verify	16	static
../stm32-it-sdk/Src/drivers/lorawan/mac/region/RegionCN779.c:431:6:RegionCN779ApplyCFList	56	static
../stm32-it-sdk/Src/drivers/lorawan/mac/region/RegionCN779.c:490:6:RegionCN779ChanMaskSet	16	static
../stm32-it-sdk/Src/drivers/lorawan/mac/region/RegionCN779.c:510:6:RegionCN779ComputeRxWindowParameters	64	static
../stm32-it-sdk/Src/drivers/lorawan/mac/region/RegionCN779.c:530:6:RegionCN779RxConfig	88	static
../stm32-it-sdk/Src/drivers/lorawan/mac/region/RegionCN779.c:586:6:RegionCN779TxConfig	96	static
../stm32-it-sdk/Src/drivers/lorawan/mac/region/RegionCN779.c:621:9:RegionCN779LinkAdrReq	96	static
../stm32-it-sdk/Src/drivers/lorawan/mac/region/RegionCN779.c:726:9:RegionCN779RxParamSetupReq	32	static
../stm32-it-sdk/Src/drivers/lorawan/mac/region/RegionCN779.c:751:9:RegionCN779NewChannelReq	40	static
../stm32-it-sdk/Src/drivers/lorawan/mac/region/RegionCN779.c:804:8:RegionCN779TxParamSetupReq	16	static
../stm32-it-sdk/Src/drivers/lorawan/mac/region/RegionCN779.c:809:9:RegionCN779DlChannelReq	32	static
../stm32-it-sdk/Src/drivers/lorawan/mac/region/RegionCN779.c:834:8:RegionCN779AlternateDr	16	static
../stm32-it-sdk/Src/drivers/lorawan/mac/region/RegionCN779.c:839:6:RegionCN779CalcBackOff	40	static
../stm32-it-sdk/Src/drivers/lorawan/mac/region/RegionCN779.c:855:17:RegionCN779NextChannel	80	static
../stm32-it-sdk/Src/drivers/lorawan/mac/region/RegionCN779.c:909:17:RegionCN779ChannelAdd	32	static
../stm32-it-sdk/Src/drivers/lorawan/mac/region/RegionCN779.c:968:6:RegionCN779ChannelsRemove	40	static
../stm32-it-sdk/Src/drivers/lorawan/mac/region/RegionCN779.c:983:6:RegionCN779SetContinuousWave	40	static
../stm32-it-sdk/Src/drivers/lorawan/mac/region/RegionCN779.c:995:9:RegionCN779ApplyDrOffset	32	static
../stm32-it-sdk/Src/drivers/lorawan/mac/region/RegionCN779.c:1006:6:RegionCN779RxBeaconSetup	40	static
