../stm32-it-sdk/Src/drivers/lorawan/mac/region/RegionKR920.c:68:15:GetNextLowerTxDr	24	static
../stm32-it-sdk/Src/drivers/lorawan/mac/region/RegionKR920.c:83:15:GetMaxEIRP	16	static
../stm32-it-sdk/Src/drivers/lorawan/mac/region/RegionKR920.c:93:17:GetBandwidth	16	static
../stm32-it-sdk/Src/drivers/lorawan/mac/region/RegionKR920.c:107:15:LimitTxPower	32	static
../stm32-it-sdk/Src/drivers/lorawan/mac/region/RegionKR920.c:117:13:VerifyRfFreq	24	static
../stm32-it-sdk/Src/drivers/lorawan/mac/region/RegionKR920.c:141:16:CountNbOfEnabledChannels	40	static
../stm32-it-sdk/Src/drivers/lorawan/mac/region/RegionKR920.c:182:12:RegionKR920GetPhyParam	24	static
../stm32-it-sdk/Src/drivers/lorawan/mac/region/RegionKR920.c:364:6:RegionKR920SetBandTxDone	16	static
../stm32-it-sdk/Src/drivers/lorawan/mac/region/RegionKR920.c:369:6:RegionKR920InitDefaults	80	static
../stm32-it-sdk/Src/drivers/lorawan/mac/region/RegionKR920.c:415:7:RegionKR920GetNvmCtx	16	static
../stm32-it-sdk/Src/drivers/lorawan/mac/region/RegionKR920.c:421:6:RegionKR920Verify	16	static
../stm32-it-sdk/Src/drivers/lorawan/mac/region/RegionKR920.c:452:6:RegionKR920ApplyCFList	56	static
../stm32-it-sdk/Src/drivers/lorawan/mac/region/RegionKR920.c:511:6:RegionKR920ChanMaskSet	16	static
../stm32-it-sdk/Src/drivers/lorawan/mac/region/RegionKR920.c:531:6:RegionKR920ComputeRxWindowParameters	64	static
../stm32-it-sdk/Src/drivers/lorawan/mac/region/RegionKR920.c:544:6:RegionKR920RxConfig	80	static
../stm32-it-sdk/Src/drivers/lorawan/mac/region/RegionKR920.c:582:6:RegionKR920TxConfig	96	static
../stm32-it-sdk/Src/drivers/lorawan/mac/region/RegionKR920.c:612:9:RegionKR920LinkAdrReq	96	static
../stm32-it-sdk/Src/drivers/lorawan/mac/region/RegionKR920.c:717:9:RegionKR920RxParamSetupReq	32	static
../stm32-it-sdk/Src/drivers/lorawan/mac/region/RegionKR920.c:742:9:RegionKR920NewChannelReq	40	static
../stm32-it-sdk/Src/drivers/lorawan/mac/region/RegionKR920.c:795:8:RegionKR920TxParamSetupReq	16	static
../stm32-it-sdk/Src/drivers/lorawan/mac/region/RegionKR920.c:800:9:RegionKR920DlChannelReq	32	static
../stm32-it-sdk/Src/drivers/lorawan/mac/region/RegionKR920.c:825:8:RegionKR920AlternateDr	16	static
../stm32-it-sdk/Src/drivers/lorawan/mac/region/RegionKR920.c:830:6:RegionKR920CalcBackOff	40	static
../stm32-it-sdk/Src/drivers/lorawan/mac/region/RegionKR920.c:846:17:RegionKR920NextChannel	80	static
../stm32-it-sdk/Src/drivers/lorawan/mac/region/RegionKR920.c:912:17:RegionKR920ChannelAdd	32	static
../stm32-it-sdk/Src/drivers/lorawan/mac/region/RegionKR920.c:971:6:RegionKR920ChannelsRemove	40	static
../stm32-it-sdk/Src/drivers/lorawan/mac/region/RegionKR920.c:986:6:RegionKR920SetContinuousWave	40	static
../stm32-it-sdk/Src/drivers/lorawan/mac/region/RegionKR920.c:1003:9:RegionKR920ApplyDrOffset	32	static
../stm32-it-sdk/Src/drivers/lorawan/mac/region/RegionKR920.c:1014:6:RegionKR920RxBeaconSetup	40	static
