../stm32-it-sdk/Src/drivers/sx1276/murata_cmwx1zzabz.c:105:6:SX1276InitLowPower	8	static
../stm32-it-sdk/Src/drivers/sx1276/murata_cmwx1zzabz.c:146:10:SX1276GetWakeTime	8	static
../stm32-it-sdk/Src/drivers/sx1276/murata_cmwx1zzabz.c:152:6:SX1276SetXO	16	static
../stm32-it-sdk/Src/drivers/sx1276/murata_cmwx1zzabz.c:176:6:SX1276IoInit	8	static
../stm32-it-sdk/Src/drivers/sx1276/murata_cmwx1zzabz.c:210:6:SX1276IoIrqInit	16	static
../stm32-it-sdk/Src/drivers/sx1276/murata_cmwx1zzabz.c:271:6:SX1276IoDeInit	8	static
../stm32-it-sdk/Src/drivers/sx1276/murata_cmwx1zzabz.c:308:6:SX1276SetRfTxPower	40	static
../stm32-it-sdk/Src/drivers/sx1276/murata_cmwx1zzabz.c:372:9:SX1276GetPaSelect	16	static
../stm32-it-sdk/Src/drivers/sx1276/murata_cmwx1zzabz.c:389:6:SX1276SetAntSwLowPower	16	static
../stm32-it-sdk/Src/drivers/sx1276/murata_cmwx1zzabz.c:415:6:SX1276SetAntSw	32	static
../stm32-it-sdk/Src/drivers/sx1276/murata_cmwx1zzabz.c:443:6:SX1276CheckRfFrequency	16	static
