../stm32-it-sdk/Src/drivers/sx1276/sx1276.c:238:6:SX1276BoardInit	16	static
../stm32-it-sdk/Src/drivers/sx1276/sx1276.c:245:10:SX1276Init	32	static
../stm32-it-sdk/Src/drivers/sx1276/sx1276.c:279:14:SX1276GetStatus	8	static
../stm32-it-sdk/Src/drivers/sx1276/sx1276.c:286:6:SX1276SetChannel	40	static
../stm32-it-sdk/Src/drivers/sx1276/sx1276.c:301:6:SX1276IsChannelFree	40	static
../stm32-it-sdk/Src/drivers/sx1276/sx1276.c:334:10:SX1276Random	16	static
../stm32-it-sdk/Src/drivers/sx1276/sx1276.c:377:6:RxChainCalibration	40	static
../stm32-it-sdk/Src/drivers/sx1276/sx1276.c:423:16:GetFskBandwidthRegValue	24	static
../stm32-it-sdk/Src/drivers/sx1276/sx1276.c:440:6:SX1276SetRxConfig	40	static
../stm32-it-sdk/Src/drivers/sx1276/sx1276.c:612:6:SX1276SetTxConfig	40	static
../stm32-it-sdk/Src/drivers/sx1276/sx1276.c:747:10:SX1276GetTimeOnAir	96	static
../stm32-it-sdk/Src/drivers/sx1276/sx1276.c:828:6:SX1276Send	24	static
../stm32-it-sdk/Src/drivers/sx1276/sx1276.c:904:6:SX1276SetSleep	8	static
../stm32-it-sdk/Src/drivers/sx1276/sx1276.c:915:6:SX1276SetStby	8	static
../stm32-it-sdk/Src/drivers/sx1276/sx1276.c:926:6:SX1276SetRx	24	static
../stm32-it-sdk/Src/drivers/sx1276/sx1276.c:1094:6:SX1276SetTx	16	static
../stm32-it-sdk/Src/drivers/sx1276/sx1276.c:1159:6:SX1276StartCad	8	static
../stm32-it-sdk/Src/drivers/sx1276/sx1276.c:1194:6:SX1276SetTxContinuousWave	64	static
../stm32-it-sdk/Src/drivers/sx1276/sx1276.c:1216:9:SX1276ReadRssi	24	static
../stm32-it-sdk/Src/drivers/sx1276/sx1276.c:1244:6:SX1276Reset	8	static
../stm32-it-sdk/Src/drivers/sx1276/sx1276.c:1255:6:SX1276SetOpMode	16	static
../stm32-it-sdk/Src/drivers/sx1276/sx1276.c:1292:6:SX1276SetModem	16	static
../stm32-it-sdk/Src/drivers/sx1276/sx1276.c:1331:6:SX1276Write	16	static
../stm32-it-sdk/Src/drivers/sx1276/sx1276.c:1338:9:SX1276Read	32	static
../stm32-it-sdk/Src/drivers/sx1276/sx1276.c:1347:6:SX1276WriteBuffer	32	static
../stm32-it-sdk/Src/drivers/sx1276/sx1276.c:1369:6:SX1276ReadBuffer	32	static
../stm32-it-sdk/Src/drivers/sx1276/sx1276.c:1393:6:SX1276WriteFifo	16	static
../stm32-it-sdk/Src/drivers/sx1276/sx1276.c:1399:6:SX1276ReadFifo	16	static
../stm32-it-sdk/Src/drivers/sx1276/sx1276.c:1405:6:SX1276SetMaxPayloadLength	16	static
../stm32-it-sdk/Src/drivers/sx1276/sx1276.c:1424:6:SX1276SetPublicNetwork	16	static
../stm32-it-sdk/Src/drivers/sx1276/sx1276.c:1442:10:SX1276GetWakeupTime	8	static
../stm32-it-sdk/Src/drivers/sx1276/sx1276.c:1449:6:SX1276OnTimeoutIrq	32	static
../stm32-it-sdk/Src/drivers/sx1276/sx1276.c:1526:6:SX1276OnDio0Irq	32	static
../stm32-it-sdk/Src/drivers/sx1276/sx1276.c:1717:6:SX1276OnDio1Irq	16	static
../stm32-it-sdk/Src/drivers/sx1276/sx1276.c:1803:6:SX1276OnDio2Irq	40	static
../stm32-it-sdk/Src/drivers/sx1276/sx1276.c:1878:6:SX1276OnDio3Irq	16	static
../stm32-it-sdk/Src/drivers/sx1276/sx1276.c:1911:6:SX1276OnDio4Irq	16	static
../stm32-it-sdk/Src/drivers/sx1276/sx1276.c:1932:6:SX1276OnDio5Irq	16	static
