../stm32-it-sdk/Src/stm32l_sdk/uart_wrapper.c:61:6:serial1_init	8	static
../stm32-it-sdk/Src/stm32l_sdk/uart_wrapper.c:86:6:serial1_connect	8	static
../stm32-it-sdk/Src/stm32l_sdk/uart_wrapper.c:100:6:serial1_disconnect	8	static
../stm32-it-sdk/Src/stm32l_sdk/uart_wrapper.c:114:6:serial1_flush	8	static
../stm32-it-sdk/Src/stm32l_sdk/uart_wrapper.c:124:6:serial1_print	16	static
../stm32-it-sdk/Src/stm32l_sdk/uart_wrapper.c:132:6:serial1_write	16	static
../stm32-it-sdk/Src/stm32l_sdk/uart_wrapper.c:140:6:serial1_println	16	static
../stm32-it-sdk/Src/stm32l_sdk/uart_wrapper.c:152:24:serial1_read	16	static
../stm32-it-sdk/Src/stm32l_sdk/uart_wrapper.c:218:14:serial1_changeBaudRate	16	static
../stm32-it-sdk/Src/stm32l_sdk/uart_wrapper.c:251:6:serial2_init	8	static
../stm32-it-sdk/Src/stm32l_sdk/uart_wrapper.c:269:6:serial2_connect	8	static
../stm32-it-sdk/Src/stm32l_sdk/uart_wrapper.c:278:6:serial2_disconnect	8	static
../stm32-it-sdk/Src/stm32l_sdk/uart_wrapper.c:284:6:serial2_flush	8	static
../stm32-it-sdk/Src/stm32l_sdk/uart_wrapper.c:291:6:serial2_print	16	static
../stm32-it-sdk/Src/stm32l_sdk/uart_wrapper.c:297:6:serial2_write	24	static
../stm32-it-sdk/Src/stm32l_sdk/uart_wrapper.c:303:6:serial2_println	24	static
../stm32-it-sdk/Src/stm32l_sdk/uart_wrapper.c:311:24:serial2_read	16	static
../stm32-it-sdk/Src/stm32l_sdk/uart_wrapper.c:358:14:serial2_changeBaudRate	24	static
../stm32-it-sdk/Src/stm32l_sdk/uart_wrapper.c:389:6:HAL_UART_ErrorCallback	16	static
../stm32-it-sdk/Src/stm32l_sdk/uart_wrapper.c:448:6:debug_flush	8	static
../stm32-it-sdk/Src/stm32l_sdk/uart_wrapper.c:451:6:debug_print	16	static
