../stm32-it-sdk/Src/it_sdk/time/time.c:50:6:itsdk_time_add_us	32	static
../stm32-it-sdk/Src/it_sdk/time/time.c:66:6:itsdk_time_set_ms	24	static
../stm32-it-sdk/Src/it_sdk/time/time.c:78:10:itsdk_time_get_ms	8	static
../stm32-it-sdk/Src/it_sdk/time/time.c:85:10:itsdk_time_get_us	8	static
../stm32-it-sdk/Src/it_sdk/time/time.c:94:6:itsdk_time_sync_UTC_s	16	static
../stm32-it-sdk/Src/it_sdk/time/time.c:103:10:itsdk_time_get_UTC_s	16	static
../stm32-it-sdk/Src/it_sdk/time/time.c:112:9:itsdk_time_get_UTC_hour	24	static
../stm32-it-sdk/Src/it_sdk/time/time.c:126:9:itsdk_time_get_UTC_min	24	static
../stm32-it-sdk/Src/it_sdk/time/time.c:140:9:itsdk_time_get_UTC_sec	24	static
../stm32-it-sdk/Src/it_sdk/time/time.c:157:14:itsdk_time_is_UTC_s	24	static
../stm32-it-sdk/Src/it_sdk/time/time.c:174:6:itsdk_time_sync_EPOC_s	16	static
../stm32-it-sdk/Src/it_sdk/time/time.c:183:10:itsdk_time_get_EPOC_s	16	static
../stm32-it-sdk/Src/it_sdk/time/time.c:197:14:itsdk_time_is_EPOC_s	24	static
../stm32-it-sdk/Src/it_sdk/time/time.c:211:6:itsdk_time_reset	8	static
../stm32-it-sdk/Src/it_sdk/time/time.c:225:6:itsdk_time_init	8	static
