../stm32-it-sdk/Src/it_sdk/lorawan/lorawan.c:63:22:itsdk_lorawan_setup	104	static
../stm32-it-sdk/Src/it_sdk/lorawan/lorawan.c:185:22:itsdk_lorawan_join_sync	8	static
../stm32-it-sdk/Src/it_sdk/lorawan/lorawan.c:192:6:lorawan_driver_onJoinSuccess	8	static
../stm32-it-sdk/Src/it_sdk/lorawan/lorawan.c:198:6:lorawan_driver_onJoinFailed	8	static
../stm32-it-sdk/Src/it_sdk/lorawan/lorawan.c:205:22:itsdk_lorawan_join_async	16	static
../stm32-it-sdk/Src/it_sdk/lorawan/lorawan.c:220:6:itsdk_lorawan_hasjoined	8	static
../stm32-it-sdk/Src/it_sdk/lorawan/lorawan.c:225:22:itsdk_lorawan_getJoinState	24	static
../stm32-it-sdk/Src/it_sdk/lorawan/lorawan.c:252:22:itsdk_lorawan_send_simple_uplink_sync	48	static
../stm32-it-sdk/Src/it_sdk/lorawan/lorawan.c:270:13:__itsdk_lorawan_encrypt_payload	16	static
../stm32-it-sdk/Src/it_sdk/lorawan/lorawan.c:326:22:itsdk_lorawan_send_sync	48	static
../stm32-it-sdk/Src/it_sdk/lorawan/lorawan.c:344:6:lorawan_driver_onSendSuccessAckFailed	16	static
../stm32-it-sdk/Src/it_sdk/lorawan/lorawan.c:350:6:lorawan_driver_onSendAckSuccess	16	static
../stm32-it-sdk/Src/it_sdk/lorawan/lorawan.c:356:6:lorawan_driver_onSendSuccess	16	static
../stm32-it-sdk/Src/it_sdk/lorawan/lorawan.c:363:6:lorawan_driver_onDataReception	24	static
../stm32-it-sdk/Src/it_sdk/lorawan/lorawan.c:376:6:lorawan_driver_onPendingDownlink	16	static
../stm32-it-sdk/Src/it_sdk/lorawan/lorawan.c:383:22:itsdk_lorawan_send_async	48	static
../stm32-it-sdk/Src/it_sdk/lorawan/lorawan.c:406:22:itsdk_lorawan_getSendState	24	static
../stm32-it-sdk/Src/it_sdk/lorawan/lorawan.c:436:31:itsdk_lorawan_getDeviceId	64	static
../stm32-it-sdk/Src/it_sdk/lorawan/lorawan.c:456:31:itsdk_lorawan_getDeviceEUI	32	static
../stm32-it-sdk/Src/it_sdk/lorawan/lorawan.c:480:31:itsdk_lorawan_getAppEUI	32	static
../stm32-it-sdk/Src/it_sdk/lorawan/lorawan.c:504:31:itsdk_lorawan_getAppKEY	40	static
../stm32-it-sdk/Src/it_sdk/lorawan/lorawan.c:546:24:itsdk_lorawan_resetFactoryDefaults	16	static
../stm32-it-sdk/Src/it_sdk/lorawan/lorawan.c:558:24:itsdk_lorawan_changeDefaultRate	16	static
../stm32-it-sdk/Src/it_sdk/lorawan/lorawan.c:564:25:itsdk_lorawan_getLastRssiSnr	16	static
../stm32-it-sdk/Src/it_sdk/lorawan/lorawan.c:569:24:itsdk_lorawan_setTxPower	16	static
../stm32-it-sdk/Src/it_sdk/lorawan/lorawan.c:574:24:itsdk_lorawan_getTxPower	16	static
../stm32-it-sdk/Src/it_sdk/lorawan/lorawan.c:581:24:itsdk_lorawan_getDownlinkFrameCounter	16	static
../stm32-it-sdk/Src/it_sdk/lorawan/lorawan.c:588:24:itsdk_lorawan_getUplinkFrameCounter	16	static
../stm32-it-sdk/Src/it_sdk/lorawan/lorawan.c:594:24:itsdk_lorawan_getNextUplinkFrameCounter	16	static
../stm32-it-sdk/Src/it_sdk/lorawan/lorawan.c:605:6:itsdk_lorawan_loop	8	static
