/home/local/Documents/StageIoT/STM/STM32CubeExpansion_LRWAN_V2.1.0/Projects/B-L072Z-LRWAN1/Applications/LoRaWAN/LoRaWAN_envoi_ttn/Core/Src/sys_debug.c:97:6:DBG_ConfigForLpm	8	static
/home/local/Documents/StageIoT/STM/STM32CubeExpansion_LRWAN_V2.1.0/Projects/B-L072Z-LRWAN1/Applications/LoRaWAN/LoRaWAN_envoi_ttn/Core/Src/sys_debug.c:65:6:DBG_Disable	32	static
/home/local/Documents/StageIoT/STM/STM32CubeExpansion_LRWAN_V2.1.0/Projects/B-L072Z-LRWAN1/Applications/LoRaWAN/LoRaWAN_envoi_ttn/Core/Src/sys_debug.c:137:6:DBG_ProbesInit	0	static
