../stm32-it-sdk/Src/stm32l_sdk/timer/timer.c:37:6:__timer_enable_clk	8	static
../stm32-it-sdk/Src/stm32l_sdk/timer/timer.c:57:6:__timer_disable_clk	8	static
../stm32-it-sdk/Src/stm32l_sdk/timer/timer.c:103:22:stm32l_hwtimer_sync_run	40	static
../stm32-it-sdk/Src/stm32l_sdk/timer/timer.c:155:22:stm32l_hwtimer_background_start	8	static
../stm32-it-sdk/Src/stm32l_sdk/timer/timer.c:172:10:stm32l_hwtimer_getDurationUs	48	static
../stm32-it-sdk/Src/stm32l_sdk/timer/timer.c:186:6:HAL_TIM_PeriodElapsedCallback	16	static
